// Jest Snapshot v1, https://goo.gl/fbAQLP

exports[`Security main page unit tests Renders 1`] = `
<DocumentFragment>
  .emotion-0 {
  display: -webkit-box;
  display: -webkit-flex;
  display: -ms-flexbox;
  display: flex;
  -webkit-flex-direction: column;
  -ms-flex-direction: column;
  flex-direction: column;
  min-height: 100vh;
}

@media (min-width: 1024px) {
  .emotion-0 {
    -webkit-flex-direction: row;
    -ms-flex-direction: row;
    flex-direction: row;
  }
}

.emotion-1 {
  width: 100%;
  padding-left: 2rem;
  padding-right: 2rem;
  padding-top: 4rem;
  padding-bottom: 4rem;
  display: -webkit-box;
  display: -webkit-flex;
  display: -ms-flexbox;
  display: flex;
  -webkit-flex-direction: column;
  -ms-flex-direction: column;
  flex-direction: column;
  -webkit-align-items: center;
  -webkit-box-align: center;
  -ms-flex-align: center;
  align-items: center;
  -webkit-box-pack: center;
  -ms-flex-pack: center;
  -webkit-justify-content: center;
  justify-content: center;
  background-image: url(background.svg);
  -webkit-background-size: cover;
  background-size: cover;
}

.emotion-1>:not([hidden])~:not([hidden]) {
  --tw-space-y-reverse: 0;
  margin-top: calc(3rem * calc(1 - var(--tw-space-y-reverse)));
  margin-bottom: calc(3rem * var(--tw-space-y-reverse));
}

@media (min-width: 1024px) {
  .emotion-1 {
    width: 66.666667%;
  }
}

.emotion-2 {
  font-size: 2.25rem;
  line-height: 2.5rem;
  --tw-text-opacity: 1;
  color: rgba(63, 63, 70, var(--tw-text-opacity));
  font-weight: 700;
  --tw-text-opacity: 1;
  color: rgba(250, 250, 250, var(--tw-text-opacity));
}

@media (min-width: 768px) {
  .emotion-2 {
    font-size: 3rem;
    line-height: 1;
  }
}

@media (min-width: 1024px) {
  .emotion-2 {
    margin-top: auto;
    margin-bottom: auto;
  }
}

@media (min-width: 1024px) {
  .emotion-3 {
    -webkit-align-self: flex-start;
    -ms-flex-item-align: flex-start;
    align-self: flex-start;
    width: 66.666667%;
  }
}

.emotion-4 {
  font-size: 1.25rem;
  line-height: 1.75rem;
  --tw-text-opacity: 1;
  color: rgba(161, 161, 170, var(--tw-text-opacity));
  font-weight: 500;
  --tw-text-opacity: 1;
  color: rgba(255, 255, 255, var(--tw-text-opacity));
  font-weight: 400;
  margin-bottom: 0.75rem;
}

@media (min-width: 768px) {
  .emotion-4 {
    font-size: 1.5rem;
    line-height: 2rem;
  }
}

@media (min-width: 1024px) {
  .emotion-4 {
    font-size: 3.75rem;
    line-height: 1;
  }
}

.emotion-5 {
  --tw-text-opacity: 1;
  color: rgba(255, 255, 255, var(--tw-text-opacity));
  font-weight: 300;
  font-size: 0.875rem;
  line-height: 1.25rem;
}

@media (min-width: 1024px) {
  .emotion-5 {
    font-size: 1.25rem;
    line-height: 1.75rem;
  }
}

.emotion-6 {
  width: 100%;
  -webkit-flex: 1 1 0%;
  -ms-flex: 1 1 0%;
  flex: 1 1 0%;
  --tw-bg-opacity: 1;
  background-color: rgba(255, 255, 255, var(--tw-bg-opacity));
  display: -webkit-box;
  display: -webkit-flex;
  display: -ms-flexbox;
  display: flex;
  -webkit-flex-direction: column;
  -ms-flex-direction: column;
  flex-direction: column;
  padding-left: 2rem;
  padding-right: 2rem;
  padding-top: 2.5rem;
  padding-bottom: 2.5rem;
}

@media (min-width: 768px) {
  .emotion-6 {
    padding-left: 12rem;
    padding-right: 12rem;
    -webkit-box-pack: center;
    -ms-flex-pack: center;
    -webkit-justify-content: center;
    justify-content: center;
  }
}

@media (min-width: 1024px) {
  .emotion-6 {
    width: 33.333333%;
    padding-left: 4rem;
    padding-right: 4rem;
  }
}

<div
    class="emotion-0"
  >
    <div
      class="emotion-1"
    >
      <h1
        class="emotion-2"
      >
        ProjectifyTmp
      </h1>
      <div
        class="emotion-3"
      >
        <h2
          class="emotion-4"
        >
          security.login_page.hero.subtitle
        </h2>
        <p
          class="emotion-5"
        >
          security.login_page.hero.caption
        </p>
      </div>
    </div>
    <div
      class="emotion-6"
    />
  </div>
</DocumentFragment>
`;
