// Jest Snapshot v1, https://goo.gl/fbAQLP

exports[`ProjectSidebarItem unit tests Renders 1`] = `
<DocumentFragment>
  <div
    class="Toastify"
    id="react-toastify"
  />
  .emotion-0 {
  display: -webkit-inline-box;
  display: -webkit-inline-flex;
  display: -ms-inline-flexbox;
  display: inline-flex;
  -webkit-align-items: center;
  -webkit-box-align: center;
  -ms-flex-align: center;
  align-items: center;
  -webkit-box-pack: center;
  -ms-flex-pack: center;
  -webkit-justify-content: center;
  justify-content: center;
  position: relative;
  box-sizing: border-box;
  -webkit-tap-highlight-color: transparent;
  background-color: transparent;
  outline: 0;
  border: 0;
  margin: 0;
  border-radius: 0;
  padding: 0;
  cursor: pointer;
  -webkit-user-select: none;
  -moz-user-select: none;
  -ms-user-select: none;
  user-select: none;
  vertical-align: middle;
  -moz-appearance: none;
  -webkit-appearance: none;
  -webkit-text-decoration: none;
  text-decoration: none;
  color: inherit;
  display: -webkit-box;
  display: -webkit-flex;
  display: -ms-flexbox;
  display: flex;
  -webkit-box-pack: start;
  -ms-flex-pack: start;
  -webkit-justify-content: flex-start;
  justify-content: flex-start;
  -webkit-align-items: center;
  -webkit-box-align: center;
  -ms-flex-align: center;
  align-items: center;
  position: relative;
  -webkit-text-decoration: none;
  text-decoration: none;
  width: 100%;
  box-sizing: border-box;
  text-align: left;
  padding-top: 8px;
  padding-bottom: 8px;
  padding-left: 16px;
  padding-right: 16px;
  -webkit-transition: background-color 150ms cubic-bezier(0.4, 0, 0.2, 1) 0ms;
  transition: background-color 150ms cubic-bezier(0.4, 0, 0.2, 1) 0ms;
}

.emotion-0::-moz-focus-inner {
  border-style: none;
}

.emotion-0.Mui-disabled {
  pointer-events: none;
  cursor: default;
}

@media print {
  .emotion-0 {
    -webkit-print-color-adjust: exact;
    color-adjust: exact;
  }
}

.emotion-0.Mui-focusVisible {
  background-color: rgba(0, 0, 0, 0.12);
}

.emotion-0.Mui-selected {
  background-color: rgba(147, 51, 234, 0.08);
}

.emotion-0.Mui-selected.Mui-focusVisible {
  background-color: rgba(147, 51, 234, 0.2);
}

.emotion-0.Mui-disabled {
  opacity: 0.38;
}

.emotion-0:hover {
  -webkit-text-decoration: none;
  text-decoration: none;
  background-color: rgba(0, 0, 0, 0.04);
}

@media (hover: none) {
  .emotion-0:hover {
    background-color: transparent;
  }
}

.emotion-0.Mui-selected:hover {
  background-color: rgba(147, 51, 234, 0.12);
}

@media (hover: none) {
  .emotion-0.Mui-selected:hover {
    background-color: rgba(147, 51, 234, 0.08);
  }
}

.emotion-0.active {
  background-color: rgba(0, 0, 0, 0.08);
}

.emotion-1 {
  min-width: 56px;
  color: rgba(0, 0, 0, 0.54);
  -webkit-flex-shrink: 0;
  -ms-flex-negative: 0;
  flex-shrink: 0;
  display: -webkit-inline-box;
  display: -webkit-inline-flex;
  display: -ms-inline-flexbox;
  display: inline-flex;
}

.emotion-2 {
  -webkit-user-select: none;
  -moz-user-select: none;
  -ms-user-select: none;
  user-select: none;
  width: 1em;
  height: 1em;
  display: inline-block;
  fill: currentColor;
  -webkit-flex-shrink: 0;
  -ms-flex-negative: 0;
  flex-shrink: 0;
  -webkit-transition: fill 200ms cubic-bezier(0.4, 0, 0.2, 1) 0ms;
  transition: fill 200ms cubic-bezier(0.4, 0, 0.2, 1) 0ms;
  font-size: 1.5rem;
}

.emotion-3 {
  -webkit-flex: 1 1 auto;
  -ms-flex: 1 1 auto;
  flex: 1 1 auto;
  min-width: 0;
  margin-top: 4px;
  margin-bottom: 4px;
}

.emotion-4 {
  margin: 0;
  font-family: "Roboto","Helvetica","Arial",sans-serif;
  font-weight: 400;
  font-size: 1rem;
  line-height: 1.5;
  letter-spacing: 0.00938em;
  display: block;
}

.emotion-5 {
  overflow: hidden;
  pointer-events: none;
  position: absolute;
  z-index: 0;
  top: 0;
  right: 0;
  bottom: 0;
  left: 0;
  border-radius: inherit;
}

<div
    data-testid="root"
  >
    <a
      class="MuiButtonBase-root MuiListItem-root MuiListItem-gutters MuiListItem-padding MuiListItem-button emotion-0"
      href="/projects"
      tabindex="0"
    >
      <div
        class="MuiListItemIcon-root emotion-1"
      >
        <svg
          aria-hidden="true"
          class="MuiSvgIcon-root MuiSvgIcon-fontSizeMedium emotion-2"
          data-testid="AssignmentIcon"
          focusable="false"
          viewBox="0 0 24 24"
        >
          <path
            d="M19 3h-4.18C14.4 1.84 13.3 1 12 1c-1.3 0-2.4.84-2.82 2H5c-1.1 0-2 .9-2 2v14c0 1.1.9 2 2 2h14c1.1 0 2-.9 2-2V5c0-1.1-.9-2-2-2zm-7 0c.55 0 1 .45 1 1s-.45 1-1 1-1-.45-1-1 .45-1 1-1zm2 14H7v-2h7v2zm3-4H7v-2h10v2zm0-4H7V7h10v2z"
          />
        </svg>
      </div>
      <div
        class="MuiListItemText-root emotion-3"
      >
        <span
          class="MuiTypography-root MuiTypography-body1 MuiListItemText-primary emotion-4"
        >
          project-management.plugins.project_sidebar_item.btn_projects
        </span>
      </div>
      <span
        class="MuiTouchRipple-root emotion-5"
      />
    </a>
  </div>
</DocumentFragment>
`;
