// Jest Snapshot v1, https://goo.gl/fbAQLP

exports[`Input unit tests Applies focusing styles when input is focused 1`] = `
<DocumentFragment>
  .emotion-0 {
  outline: 2px solid transparent;
  outline-offset: 2px;
  width: 100%;
  display: -webkit-box;
  display: -webkit-flex;
  display: -ms-flexbox;
  display: flex;
  -webkit-flex-direction: column;
  -ms-flex-direction: column;
  flex-direction: column;
  -webkit-align-items: stretch;
  -webkit-box-align: stretch;
  -ms-flex-align: stretch;
  align-items: stretch;
}

.emotion-1 {
  width: 100%;
  position: relative;
}

.emotion-2 {
  width: 100%;
  padding: 0.5rem;
  font-size: 1rem;
  line-height: 1.5rem;
  border-width: 1px;
  --tw-border-opacity: 1;
  border-color: rgba(156, 163, 175, var(--tw-border-opacity));
  --tw-bg-opacity: 1;
  background-color: rgba(255, 255, 255, var(--tw-bg-opacity));
  -webkit-appearance: none;
  -moz-appearance: none;
  -ms-appearance: none;
  appearance: none;
  outline: 2px solid transparent;
  outline-offset: 2px;
  transition-property: background-color,border-color,color,fill,stroke;
  transition-timing-function: cubic-bezier(0.4, 0, 0.2, 1);
  transition-duration: 150ms;
}

.emotion-2:focus {
  --tw-border-opacity: 1;
  border-color: rgba(147, 51, 234, var(--tw-border-opacity));
}

<div
    class="emotion-0"
  >
    <div
      class="emotion-1"
    >
      <input
        class="emotion-2"
        data-testid="input-my-input"
        name="my-input"
        placeholder="Â "
      />
    </div>
  </div>
</DocumentFragment>
`;
