// Jest Snapshot v1, https://goo.gl/fbAQLP

exports[`Input unit tests Applies focusing styles when input is focused 1`] = `
<DocumentFragment>
  .emotion-0 {
  position: relative;
  outline: 2px solid transparent;
  outline-offset: 2px;
}

.emotion-1 {
  width: 100%;
  position: relative;
}

.emotion-2 {
  width: 100%;
  padding-top: 1rem;
  padding-bottom: 0.5rem;
  padding-left: 0.75rem;
  padding-right: 0.75rem;
  border-width: 1px;
  border-radius: 0.25rem;
  --tw-border-opacity: 1;
  border-color: rgba(156, 163, 175, var(--tw-border-opacity));
  -webkit-appearance: none;
  -moz-appearance: none;
  -ms-appearance: none;
  appearance: none;
  outline: 2px solid transparent;
  outline-offset: 2px;
  transition-property: background-color,border-color,color,fill,stroke;
  transition-timing-function: cubic-bezier(0.4, 0, 0.2, 1);
  transition-duration: 150ms;
}

.emotion-2:focus {
  --tw-border-opacity: 1;
  border-color: rgba(147, 51, 234, var(--tw-border-opacity));
}

.emotion-2:focus+.label {
  --tw-text-opacity: 1;
  color: rgba(147, 51, 234, var(--tw-text-opacity));
  top: 0px;
  --tw-translate-y: 0.125rem;
  font-size: 0.75rem;
  line-height: 1rem;
}

.emotion-2:not(:placeholder-shown) {
  --tw-border-opacity: 1;
  border-color: rgba(147, 51, 234, var(--tw-border-opacity));
}

.emotion-2:not(:placeholder-shown)+.label {
  --tw-text-opacity: 1;
  color: rgba(147, 51, 234, var(--tw-text-opacity));
  top: 0px;
  --tw-translate-y: 0.125rem;
  font-size: 0.75rem;
  line-height: 1rem;
}

.emotion-3 {
  --tw-translate-x: 0;
  --tw-translate-y: -50%;
  --tw-rotate: 0;
  --tw-skew-x: 0;
  --tw-skew-y: 0;
  --tw-scale-x: 1;
  --tw-scale-y: 1;
  -webkit-transform: translateX(var(--tw-translate-x)) translateY(var(--tw-translate-y)) rotate(var(--tw-rotate)) skewX(var(--tw-skew-x)) skewY(var(--tw-skew-y)) scaleX(var(--tw-scale-x)) scaleY(var(--tw-scale-y));
  -moz-transform: translateX(var(--tw-translate-x)) translateY(var(--tw-translate-y)) rotate(var(--tw-rotate)) skewX(var(--tw-skew-x)) skewY(var(--tw-skew-y)) scaleX(var(--tw-scale-x)) scaleY(var(--tw-scale-y));
  -ms-transform: translateX(var(--tw-translate-x)) translateY(var(--tw-translate-y)) rotate(var(--tw-rotate)) skewX(var(--tw-skew-x)) skewY(var(--tw-skew-y)) scaleX(var(--tw-scale-x)) scaleY(var(--tw-scale-y));
  transform: translateX(var(--tw-translate-x)) translateY(var(--tw-translate-y)) rotate(var(--tw-rotate)) skewX(var(--tw-skew-x)) skewY(var(--tw-skew-y)) scaleX(var(--tw-scale-x)) scaleY(var(--tw-scale-y));
  position: absolute;
  top: 50%;
  left: 0.75rem;
  --tw-text-opacity: 1;
  color: rgba(161, 161, 170, var(--tw-text-opacity));
  cursor: text;
  transition-property: all;
  transition-timing-function: cubic-bezier(0.4, 0, 0.2, 1);
  transition-duration: 150ms;
  pointer-events: none;
}

<div
    class="emotion-0"
  >
    <div
      class="emotion-1"
    >
      <input
        class="emotion-2"
        data-testid="input-my-input"
        name="my-input"
        placeholder="Â "
      />
      <label
        class="label emotion-3"
        data-testid="label-my-input"
      >
        My input
      </label>
    </div>
  </div>
</DocumentFragment>
`;
